digraph __crate__ {
subgraph cluster_Mir_0_65 {
    graph [fontname="Courier, monospace"];
    node [fontname="Courier, monospace"];
    edge [fontname="Courier, monospace"];
    label=<fn &lt;Timer as futures::Future&gt;::poll(_1: std::pin::Pin&lt;&amp;mut Timer&gt;, _2: &amp;mut std::task::Context) -&gt; std::task::Poll&lt;()&gt;<br align="left"/>let mut _3: std::sync::MutexGuard&lt;SharedState&gt;;<br align="left"/>let mut _4: std::result::Result&lt;std::sync::MutexGuard&lt;SharedState&gt;, std::sync::PoisonError&lt;std::sync::MutexGuard&lt;SharedState&gt;&gt;&gt;;<br align="left"/>let mut _5: &amp;std::sync::Mutex&lt;SharedState&gt;;<br align="left"/>let _6: &amp;std::sync::Mutex&lt;SharedState&gt;;<br align="left"/>let mut _7: &amp;std::sync::Arc&lt;std::sync::Mutex&lt;SharedState&gt;&gt;;<br align="left"/>let _8: &amp;Timer;<br align="left"/>let mut _9: &amp;std::pin::Pin&lt;&amp;mut Timer&gt;;<br align="left"/>let mut _10: bool;<br align="left"/>let mut _11: &amp;SharedState;<br align="left"/>let mut _12: &amp;std::sync::MutexGuard&lt;SharedState&gt;;<br align="left"/>let mut _13: std::option::Option&lt;std::task::Waker&gt;;<br align="left"/>let mut _14: std::task::Waker;<br align="left"/>let mut _15: &amp;std::task::Waker;<br align="left"/>let _16: &amp;std::task::Waker;<br align="left"/>let mut _17: &amp;std::task::Context;<br align="left"/>let mut _18: &amp;mut SharedState;<br align="left"/>let mut _19: &amp;mut std::sync::MutexGuard&lt;SharedState&gt;;<br align="left"/>let mut _20: bool;<br align="left"/>debug self =&gt; _1;<br align="left"/>debug cx =&gt; _2;<br align="left"/>debug state =&gt; _3;<br align="left"/>>;
    bb0__0_65 [shape="none", label=<<table border="0" cellborder="1" cellspacing="0"><tr><td bgcolor="gray" align="center" colspan="1">0</td></tr><tr><td align="left" balign="left">_20 = const false<br/>_9 = &amp;_1<br/></td></tr><tr><td align="left">_8 = &lt;Pin&lt;&amp;mut Timer&gt; as Deref&gt;::deref(move _9)</td></tr></table>>];
    bb1__0_65 [shape="none", label=<<table border="0" cellborder="1" cellspacing="0"><tr><td bgcolor="gray" align="center" colspan="1">1</td></tr><tr><td align="left" balign="left">_7 = &amp;((*_8).0: std::sync::Arc&lt;std::sync::Mutex&lt;SharedState&gt;&gt;)<br/></td></tr><tr><td align="left">_6 = &lt;Arc&lt;std::sync::Mutex&lt;SharedState&gt;&gt; as Deref&gt;::deref(move _7)</td></tr></table>>];
    bb2__0_65 [shape="none", label=<<table border="0" cellborder="1" cellspacing="0"><tr><td bgcolor="gray" align="center" colspan="1">2</td></tr><tr><td align="left" balign="left">_5 = _6<br/></td></tr><tr><td align="left">_4 = std::sync::Mutex::&lt;SharedState&gt;::lock(move _5)</td></tr></table>>];
    bb3__0_65 [shape="none", label=<<table border="0" cellborder="1" cellspacing="0"><tr><td bgcolor="gray" align="center" colspan="1">3</td></tr><tr><td align="left">_3 = Result::&lt;std::sync::MutexGuard&lt;SharedState&gt;, PoisonError&lt;std::sync::MutexGuard&lt;SharedState&gt;&gt;&gt;::unwrap(move _4)</td></tr></table>>];
    bb4__0_65 [shape="none", label=<<table border="0" cellborder="1" cellspacing="0"><tr><td bgcolor="gray" align="center" colspan="1">4</td></tr><tr><td align="left" balign="left">_12 = &amp;_3<br/></td></tr><tr><td align="left">_11 = &lt;std::sync::MutexGuard&lt;SharedState&gt; as Deref&gt;::deref(move _12)</td></tr></table>>];
    bb5__0_65 [shape="none", label=<<table border="0" cellborder="1" cellspacing="0"><tr><td bgcolor="gray" align="center" colspan="1">5</td></tr><tr><td align="left" balign="left">_10 = ((*_11).0: bool)<br/></td></tr><tr><td align="left">switchInt(move _10)</td></tr></table>>];
    bb6__0_65 [shape="none", label=<<table border="0" cellborder="1" cellspacing="0"><tr><td bgcolor="gray" align="center" colspan="1">6</td></tr><tr><td align="left" balign="left">Deinit(_0)<br/>discriminant(_0) = 0<br/></td></tr><tr><td align="left">goto</td></tr></table>>];
    bb7__0_65 [shape="none", label=<<table border="0" cellborder="1" cellspacing="0"><tr><td bgcolor="gray" align="center" colspan="1">7</td></tr><tr><td align="left" balign="left">_17 = &amp;(*_2)<br/></td></tr><tr><td align="left">_16 = Context::waker(move _17)</td></tr></table>>];
    bb8__0_65 [shape="none", label=<<table border="0" cellborder="1" cellspacing="0"><tr><td bgcolor="gray" align="center" colspan="1">8</td></tr><tr><td align="left" balign="left">_15 = _16<br/></td></tr><tr><td align="left">_14 = &lt;Waker as Clone&gt;::clone(move _15)</td></tr></table>>];
    bb9__0_65 [shape="none", label=<<table border="0" cellborder="1" cellspacing="0"><tr><td bgcolor="gray" align="center" colspan="1">9</td></tr><tr><td align="left" balign="left">_20 = const true<br/>Deinit(_13)<br/>((_13 as Some).0: std::task::Waker) = move _14<br/>discriminant(_13) = 1<br/>_19 = &amp;mut _3<br/></td></tr><tr><td align="left">_18 = &lt;std::sync::MutexGuard&lt;SharedState&gt; as DerefMut&gt;::deref_mut(move _19)</td></tr></table>>];
    bb10__0_65 [shape="none", label=<<table border="0" cellborder="1" cellspacing="0"><tr><td bgcolor="gray" align="center" colspan="1">10</td></tr><tr><td align="left" balign="left">_20 = const false<br/></td></tr><tr><td align="left">drop(((*_18).1: std::option::Option&lt;std::task::Waker&gt;))</td></tr></table>>];
    bb11__0_65 [shape="none", label=<<table border="0" cellborder="1" cellspacing="0"><tr><td bgcolor="gray" align="center" colspan="1">11</td></tr><tr><td align="left">drop(_3)</td></tr></table>>];
    bb12__0_65 [shape="none", label=<<table border="0" cellborder="1" cellspacing="0"><tr><td bgcolor="gray" align="center" colspan="1">12</td></tr><tr><td align="left">return</td></tr></table>>];
    bb13__0_65 [shape="none", label=<<table border="0" cellborder="1" cellspacing="0"><tr><td bgcolor="lightblue" align="center" colspan="1">13 (cleanup)</td></tr><tr><td align="left">switchInt(_20)</td></tr></table>>];
    bb14__0_65 [shape="none", label=<<table border="0" cellborder="1" cellspacing="0"><tr><td bgcolor="lightblue" align="center" colspan="1">14 (cleanup)</td></tr><tr><td align="left">drop(_3)</td></tr></table>>];
    bb15__0_65 [shape="none", label=<<table border="0" cellborder="1" cellspacing="0"><tr><td bgcolor="lightblue" align="center" colspan="1">15 (cleanup)</td></tr><tr><td align="left">resume</td></tr></table>>];
    bb16__0_65 [shape="none", label=<<table border="0" cellborder="1" cellspacing="0"><tr><td bgcolor="lightblue" align="center" colspan="1">16 (cleanup)</td></tr><tr><td align="left" balign="left">((*_18).1: std::option::Option&lt;std::task::Waker&gt;) = move _13<br/></td></tr><tr><td align="left">goto</td></tr></table>>];
    bb17__0_65 [shape="none", label=<<table border="0" cellborder="1" cellspacing="0"><tr><td bgcolor="gray" align="center" colspan="1">17</td></tr><tr><td align="left" balign="left">((*_18).1: std::option::Option&lt;std::task::Waker&gt;) = move _13<br/>_20 = const false<br/>Deinit(_0)<br/>discriminant(_0) = 1<br/></td></tr><tr><td align="left">goto</td></tr></table>>];
    bb18__0_65 [shape="none", label=<<table border="0" cellborder="1" cellspacing="0"><tr><td bgcolor="lightblue" align="center" colspan="1">18 (cleanup)</td></tr><tr><td align="left">drop(_13)</td></tr></table>>];
    bb0__0_65 -> bb1__0_65 [label="return"];
    bb1__0_65 -> bb2__0_65 [label="return"];
    bb2__0_65 -> bb3__0_65 [label="return"];
    bb3__0_65 -> bb4__0_65 [label="return"];
    bb4__0_65 -> bb5__0_65 [label="return"];
    bb4__0_65 -> bb14__0_65 [label="unwind"];
    bb5__0_65 -> bb7__0_65 [label="false"];
    bb5__0_65 -> bb6__0_65 [label="otherwise"];
    bb6__0_65 -> bb11__0_65 [label=""];
    bb7__0_65 -> bb8__0_65 [label="return"];
    bb7__0_65 -> bb14__0_65 [label="unwind"];
    bb8__0_65 -> bb9__0_65 [label="return"];
    bb8__0_65 -> bb14__0_65 [label="unwind"];
    bb9__0_65 -> bb10__0_65 [label="return"];
    bb9__0_65 -> bb13__0_65 [label="unwind"];
    bb10__0_65 -> bb17__0_65 [label="return"];
    bb10__0_65 -> bb16__0_65 [label="unwind"];
    bb11__0_65 -> bb12__0_65 [label="return"];
    bb13__0_65 -> bb14__0_65 [label="false"];
    bb13__0_65 -> bb18__0_65 [label="otherwise"];
    bb14__0_65 -> bb15__0_65 [label="return"];
    bb16__0_65 -> bb13__0_65 [label=""];
    bb17__0_65 -> bb11__0_65 [label=""];
    bb18__0_65 -> bb14__0_65 [label="return"];
}
subgraph cluster_Mir_0_68 {
    graph [fontname="Courier, monospace"];
    node [fontname="Courier, monospace"];
    edge [fontname="Courier, monospace"];
    label=<fn Timer::new::{closure#0}(_1: [closure@src/bin/timer.rs:70:23: 78:10]) -&gt; ()<br align="left"/>let _2: ();<br align="left"/>let mut _3: std::time::Duration;<br align="left"/>let _4: ();<br align="left"/>let mut _5: std::fmt::Arguments;<br align="left"/>let mut _6: &amp;[&amp;str];<br align="left"/>let mut _7: &amp;[&amp;str; 1];<br align="left"/>let _8: &amp;[&amp;str; 1];<br align="left"/>let mut _9: &amp;[std::fmt::ArgumentV1];<br align="left"/>let mut _10: &amp;[std::fmt::ArgumentV1; 0];<br align="left"/>let _11: &amp;[std::fmt::ArgumentV1; 0];<br align="left"/>let mut _12: std::sync::MutexGuard&lt;SharedState&gt;;<br align="left"/>let mut _13: std::result::Result&lt;std::sync::MutexGuard&lt;SharedState&gt;, std::sync::PoisonError&lt;std::sync::MutexGuard&lt;SharedState&gt;&gt;&gt;;<br align="left"/>let mut _14: &amp;std::sync::Mutex&lt;SharedState&gt;;<br align="left"/>let _15: &amp;std::sync::Mutex&lt;SharedState&gt;;<br align="left"/>let mut _16: &amp;std::sync::Arc&lt;std::sync::Mutex&lt;SharedState&gt;&gt;;<br align="left"/>let mut _17: &amp;mut SharedState;<br align="left"/>let mut _18: &amp;mut std::sync::MutexGuard&lt;SharedState&gt;;<br align="left"/>let mut _19: std::option::Option&lt;std::task::Waker&gt;;<br align="left"/>let mut _20: &amp;mut std::option::Option&lt;std::task::Waker&gt;;<br align="left"/>let mut _21: &amp;mut SharedState;<br align="left"/>let mut _22: &amp;mut std::sync::MutexGuard&lt;SharedState&gt;;<br align="left"/>let mut _23: isize;<br align="left"/>let _24: std::task::Waker;<br align="left"/>let _25: ();<br align="left"/>let mut _26: std::task::Waker;<br align="left"/>let mut _27: &amp;[std::fmt::ArgumentV1; 0];<br align="left"/>let mut _28: &amp;[&amp;str; 1];<br align="left"/>let mut _29: bool;<br align="left"/>let mut _30: isize;<br align="left"/>let mut _31: isize;<br align="left"/>debug duration =&gt; (_1.0: std::time::Duration);<br align="left"/>debug thread_shared_state =&gt; (_1.1: std::sync::Arc&lt;std::sync::Mutex&lt;SharedState&gt;&gt;);<br align="left"/>debug shared_state =&gt; _12;<br align="left"/>debug waker =&gt; _24;<br align="left"/>>;
    bb0__0_68 [shape="none", label=<<table border="0" cellborder="1" cellspacing="0"><tr><td bgcolor="gray" align="center" colspan="1">0</td></tr><tr><td align="left" balign="left">_29 = const false<br/>_3 = (_1.0: std::time::Duration)<br/></td></tr><tr><td align="left">_2 = sleep(move _3)</td></tr></table>>];
    bb1__0_68 [shape="none", label=<<table border="0" cellborder="1" cellspacing="0"><tr><td bgcolor="gray" align="center" colspan="1">1</td></tr><tr><td align="left" balign="left">_28 = const Timer::new::{closure#0}::promoted[1]<br/>_8 = _28<br/>_7 = _8<br/>_6 = move _7 as &amp;[&amp;str] (Pointer(Unsize))<br/>_27 = const Timer::new::{closure#0}::promoted[0]<br/>_11 = _27<br/>_10 = _11<br/>_9 = move _10 as &amp;[std::fmt::ArgumentV1] (Pointer(Unsize))<br/></td></tr><tr><td align="left">_5 = Arguments::new_v1(move _6, move _9)</td></tr></table>>];
    bb2__0_68 [shape="none", label=<<table border="0" cellborder="1" cellspacing="0"><tr><td bgcolor="gray" align="center" colspan="1">2</td></tr><tr><td align="left">_4 = _print(move _5)</td></tr></table>>];
    bb3__0_68 [shape="none", label=<<table border="0" cellborder="1" cellspacing="0"><tr><td bgcolor="gray" align="center" colspan="1">3</td></tr><tr><td align="left" balign="left">_16 = &amp;(_1.1: std::sync::Arc&lt;std::sync::Mutex&lt;SharedState&gt;&gt;)<br/></td></tr><tr><td align="left">_15 = &lt;Arc&lt;std::sync::Mutex&lt;SharedState&gt;&gt; as Deref&gt;::deref(move _16)</td></tr></table>>];
    bb4__0_68 [shape="none", label=<<table border="0" cellborder="1" cellspacing="0"><tr><td bgcolor="gray" align="center" colspan="1">4</td></tr><tr><td align="left" balign="left">_14 = _15<br/></td></tr><tr><td align="left">_13 = std::sync::Mutex::&lt;SharedState&gt;::lock(move _14)</td></tr></table>>];
    bb5__0_68 [shape="none", label=<<table border="0" cellborder="1" cellspacing="0"><tr><td bgcolor="gray" align="center" colspan="1">5</td></tr><tr><td align="left">_12 = Result::&lt;std::sync::MutexGuard&lt;SharedState&gt;, PoisonError&lt;std::sync::MutexGuard&lt;SharedState&gt;&gt;&gt;::unwrap(move _13)</td></tr></table>>];
    bb6__0_68 [shape="none", label=<<table border="0" cellborder="1" cellspacing="0"><tr><td bgcolor="gray" align="center" colspan="1">6</td></tr><tr><td align="left" balign="left">_18 = &amp;mut _12<br/></td></tr><tr><td align="left">_17 = &lt;std::sync::MutexGuard&lt;SharedState&gt; as DerefMut&gt;::deref_mut(move _18)</td></tr></table>>];
    bb7__0_68 [shape="none", label=<<table border="0" cellborder="1" cellspacing="0"><tr><td bgcolor="gray" align="center" colspan="1">7</td></tr><tr><td align="left" balign="left">((*_17).0: bool) = const true<br/>_22 = &amp;mut _12<br/></td></tr><tr><td align="left">_21 = &lt;std::sync::MutexGuard&lt;SharedState&gt; as DerefMut&gt;::deref_mut(move _22)</td></tr></table>>];
    bb8__0_68 [shape="none", label=<<table border="0" cellborder="1" cellspacing="0"><tr><td bgcolor="gray" align="center" colspan="1">8</td></tr><tr><td align="left" balign="left">_20 = &amp;mut ((*_21).1: std::option::Option&lt;std::task::Waker&gt;)<br/></td></tr><tr><td align="left">_19 = Option::&lt;Waker&gt;::take(move _20)</td></tr></table>>];
    bb9__0_68 [shape="none", label=<<table border="0" cellborder="1" cellspacing="0"><tr><td bgcolor="gray" align="center" colspan="1">9</td></tr><tr><td align="left" balign="left">_29 = const true<br/>_23 = discriminant(_19)<br/></td></tr><tr><td align="left">switchInt(move _23)</td></tr></table>>];
    bb10__0_68 [shape="none", label=<<table border="0" cellborder="1" cellspacing="0"><tr><td bgcolor="gray" align="center" colspan="1">10</td></tr><tr><td align="left" balign="left">_29 = const false<br/>_24 = move ((_19 as Some).0: std::task::Waker)<br/>_26 = move _24<br/></td></tr><tr><td align="left">_25 = Waker::wake(move _26)</td></tr></table>>];
    bb11__0_68 [shape="none", label=<<table border="0" cellborder="1" cellspacing="0"><tr><td bgcolor="gray" align="center" colspan="1">11</td></tr><tr><td align="left">drop(_12)</td></tr></table>>];
    bb12__0_68 [shape="none", label=<<table border="0" cellborder="1" cellspacing="0"><tr><td bgcolor="gray" align="center" colspan="1">12</td></tr><tr><td align="left" balign="left">_30 = discriminant(_19)<br/></td></tr><tr><td align="left">switchInt(move _30)</td></tr></table>>];
    bb13__0_68 [shape="none", label=<<table border="0" cellborder="1" cellspacing="0"><tr><td bgcolor="gray" align="center" colspan="1">13</td></tr><tr><td align="left">return</td></tr></table>>];
    bb14__0_68 [shape="none", label=<<table border="0" cellborder="1" cellspacing="0"><tr><td bgcolor="lightblue" align="center" colspan="1">14 (cleanup)</td></tr><tr><td align="left">drop(_12)</td></tr></table>>];
    bb15__0_68 [shape="none", label=<<table border="0" cellborder="1" cellspacing="0"><tr><td bgcolor="lightblue" align="center" colspan="1">15 (cleanup)</td></tr><tr><td align="left">drop(_12)</td></tr></table>>];
    bb16__0_68 [shape="none", label=<<table border="0" cellborder="1" cellspacing="0"><tr><td bgcolor="lightblue" align="center" colspan="1">16 (cleanup)</td></tr><tr><td align="left">drop(_1)</td></tr></table>>];
    bb17__0_68 [shape="none", label=<<table border="0" cellborder="1" cellspacing="0"><tr><td bgcolor="lightblue" align="center" colspan="1">17 (cleanup)</td></tr><tr><td align="left">resume</td></tr></table>>];
    bb18__0_68 [shape="none", label=<<table border="0" cellborder="1" cellspacing="0"><tr><td bgcolor="gray" align="center" colspan="1">18</td></tr><tr><td align="left" balign="left">_29 = const false<br/></td></tr><tr><td align="left">drop(_1)</td></tr></table>>];
    bb19__0_68 [shape="none", label=<<table border="0" cellborder="1" cellspacing="0"><tr><td bgcolor="gray" align="center" colspan="1">19</td></tr><tr><td align="left">switchInt(_29)</td></tr></table>>];
    bb20__0_68 [shape="none", label=<<table border="0" cellborder="1" cellspacing="0"><tr><td bgcolor="gray" align="center" colspan="1">20</td></tr><tr><td align="left">drop(((_19 as Some).0: std::task::Waker))</td></tr></table>>];
    bb21__0_68 [shape="none", label=<<table border="0" cellborder="1" cellspacing="0"><tr><td bgcolor="lightblue" align="center" colspan="1">21 (cleanup)</td></tr><tr><td align="left">switchInt(_29)</td></tr></table>>];
    bb22__0_68 [shape="none", label=<<table border="0" cellborder="1" cellspacing="0"><tr><td bgcolor="lightblue" align="center" colspan="1">22 (cleanup)</td></tr><tr><td align="left">drop(((_19 as Some).0: std::task::Waker))</td></tr></table>>];
    bb23__0_68 [shape="none", label=<<table border="0" cellborder="1" cellspacing="0"><tr><td bgcolor="lightblue" align="center" colspan="1">23 (cleanup)</td></tr><tr><td align="left" balign="left">_31 = discriminant(_19)<br/></td></tr><tr><td align="left">switchInt(move _31)</td></tr></table>>];
    bb24__0_68 [shape="none", label=<<table border="0" cellborder="1" cellspacing="0"><tr><td bgcolor="gray" align="center" colspan="1">24</td></tr><tr><td align="left">goto</td></tr></table>>];
    bb0__0_68 -> bb1__0_68 [label="return"];
    bb0__0_68 -> bb16__0_68 [label="unwind"];
    bb1__0_68 -> bb2__0_68 [label="return"];
    bb1__0_68 -> bb16__0_68 [label="unwind"];
    bb2__0_68 -> bb3__0_68 [label="return"];
    bb2__0_68 -> bb16__0_68 [label="unwind"];
    bb3__0_68 -> bb4__0_68 [label="return"];
    bb3__0_68 -> bb16__0_68 [label="unwind"];
    bb4__0_68 -> bb5__0_68 [label="return"];
    bb4__0_68 -> bb16__0_68 [label="unwind"];
    bb5__0_68 -> bb6__0_68 [label="return"];
    bb5__0_68 -> bb16__0_68 [label="unwind"];
    bb6__0_68 -> bb7__0_68 [label="return"];
    bb6__0_68 -> bb15__0_68 [label="unwind"];
    bb7__0_68 -> bb8__0_68 [label="return"];
    bb7__0_68 -> bb15__0_68 [label="unwind"];
    bb8__0_68 -> bb9__0_68 [label="return"];
    bb8__0_68 -> bb15__0_68 [label="unwind"];
    bb9__0_68 -> bb10__0_68 [label="1_isize"];
    bb9__0_68 -> bb11__0_68 [label="otherwise"];
    bb10__0_68 -> bb24__0_68 [label="return"];
    bb10__0_68 -> bb14__0_68 [label="unwind"];
    bb11__0_68 -> bb12__0_68 [label="return"];
    bb11__0_68 -> bb23__0_68 [label="unwind"];
    bb12__0_68 -> bb19__0_68 [label="1_isize"];
    bb12__0_68 -> bb18__0_68 [label="otherwise"];
    bb14__0_68 -> bb23__0_68 [label="return"];
    bb15__0_68 -> bb16__0_68 [label="return"];
    bb16__0_68 -> bb17__0_68 [label="return"];
    bb18__0_68 -> bb13__0_68 [label="return"];
    bb19__0_68 -> bb18__0_68 [label="false"];
    bb19__0_68 -> bb20__0_68 [label="otherwise"];
    bb20__0_68 -> bb18__0_68 [label="return"];
    bb20__0_68 -> bb16__0_68 [label="unwind"];
    bb21__0_68 -> bb16__0_68 [label="false"];
    bb21__0_68 -> bb22__0_68 [label="otherwise"];
    bb22__0_68 -> bb16__0_68 [label="return"];
    bb23__0_68 -> bb21__0_68 [label="1_isize"];
    bb23__0_68 -> bb16__0_68 [label="otherwise"];
    bb24__0_68 -> bb11__0_68 [label=""];
}
subgraph cluster_Mir_0_67 {
    graph [fontname="Courier, monospace"];
    node [fontname="Courier, monospace"];
    edge [fontname="Courier, monospace"];
    label=<fn Timer::new(_1: std::time::Duration) -&gt; Timer<br align="left"/>let _2: std::sync::Arc&lt;std::sync::Mutex&lt;SharedState&gt;&gt;;<br align="left"/>let mut _3: std::sync::Mutex&lt;SharedState&gt;;<br align="left"/>let mut _4: SharedState;<br align="left"/>let mut _5: std::option::Option&lt;std::task::Waker&gt;;<br align="left"/>let _6: std::sync::Arc&lt;std::sync::Mutex&lt;SharedState&gt;&gt;;<br align="left"/>let mut _7: &amp;std::sync::Arc&lt;std::sync::Mutex&lt;SharedState&gt;&gt;;<br align="left"/>let _8: std::thread::JoinHandle&lt;()&gt;;<br align="left"/>let mut _9: [closure@src/bin/timer.rs:70:23: 78:10];<br align="left"/>let mut _10: std::sync::Arc&lt;std::sync::Mutex&lt;SharedState&gt;&gt;;<br align="left"/>debug duration =&gt; _1;<br align="left"/>debug shared_state =&gt; _2;<br align="left"/>debug thread_shared_state =&gt; _6;<br align="left"/>>;
    bb0__0_67 [shape="none", label=<<table border="0" cellborder="1" cellspacing="0"><tr><td bgcolor="gray" align="center" colspan="1">0</td></tr><tr><td align="left" balign="left">Deinit(_5)<br/>discriminant(_5) = 0<br/>Deinit(_4)<br/>(_4.0: bool) = const false<br/>(_4.1: std::option::Option&lt;std::task::Waker&gt;) = move _5<br/></td></tr><tr><td align="left">_3 = std::sync::Mutex::&lt;SharedState&gt;::new(move _4)</td></tr></table>>];
    bb1__0_67 [shape="none", label=<<table border="0" cellborder="1" cellspacing="0"><tr><td bgcolor="gray" align="center" colspan="1">1</td></tr><tr><td align="left">_2 = Arc::&lt;std::sync::Mutex&lt;SharedState&gt;&gt;::new(move _3)</td></tr></table>>];
    bb2__0_67 [shape="none", label=<<table border="0" cellborder="1" cellspacing="0"><tr><td bgcolor="gray" align="center" colspan="1">2</td></tr><tr><td align="left" balign="left">_7 = &amp;_2<br/></td></tr><tr><td align="left">_6 = &lt;Arc&lt;std::sync::Mutex&lt;SharedState&gt;&gt; as Clone&gt;::clone(move _7)</td></tr></table>>];
    bb3__0_67 [shape="none", label=<<table border="0" cellborder="1" cellspacing="0"><tr><td bgcolor="gray" align="center" colspan="1">3</td></tr><tr><td align="left" balign="left">Deinit(_9)<br/>(_9.0: std::time::Duration) = _1<br/>(_9.1: std::sync::Arc&lt;std::sync::Mutex&lt;SharedState&gt;&gt;) = move _6<br/></td></tr><tr><td align="left">_8 = std::thread::spawn::&lt;[closure@src/bin/timer.rs:70:23: 78:10], ()&gt;(move _9)</td></tr></table>>];
    bb4__0_67 [shape="none", label=<<table border="0" cellborder="1" cellspacing="0"><tr><td bgcolor="gray" align="center" colspan="1">4</td></tr><tr><td align="left">drop(_8)</td></tr></table>>];
    bb5__0_67 [shape="none", label=<<table border="0" cellborder="1" cellspacing="0"><tr><td bgcolor="gray" align="center" colspan="1">5</td></tr><tr><td align="left" balign="left">_10 = move _2<br/>Deinit(_0)<br/>(_0.0: std::sync::Arc&lt;std::sync::Mutex&lt;SharedState&gt;&gt;) = move _10<br/></td></tr><tr><td align="left">return</td></tr></table>>];
    bb6__0_67 [shape="none", label=<<table border="0" cellborder="1" cellspacing="0"><tr><td bgcolor="lightblue" align="center" colspan="1">6 (cleanup)</td></tr><tr><td align="left">drop(_2)</td></tr></table>>];
    bb7__0_67 [shape="none", label=<<table border="0" cellborder="1" cellspacing="0"><tr><td bgcolor="lightblue" align="center" colspan="1">7 (cleanup)</td></tr><tr><td align="left">resume</td></tr></table>>];
    bb0__0_67 -> bb1__0_67 [label="return"];
    bb1__0_67 -> bb2__0_67 [label="return"];
    bb2__0_67 -> bb3__0_67 [label="return"];
    bb2__0_67 -> bb6__0_67 [label="unwind"];
    bb3__0_67 -> bb4__0_67 [label="return"];
    bb3__0_67 -> bb6__0_67 [label="unwind"];
    bb4__0_67 -> bb5__0_67 [label="return"];
    bb4__0_67 -> bb6__0_67 [label="unwind"];
    bb6__0_67 -> bb7__0_67 [label="return"];
}
subgraph cluster_Mir_0_72 {
    graph [fontname="Courier, monospace"];
    node [fontname="Courier, monospace"];
    edge [fontname="Courier, monospace"];
    label=<fn Spawner::spawn(_1: &amp;Spawner, _2: impl Future&lt;Output = ()&gt; + 'static + Send) -&gt; ()<br align="left"/>let _3: std::pin::Pin&lt;std::boxed::Box&lt;dyn futures::Future&lt;Output = ()&gt; + std::marker::Send&gt;&gt;;<br align="left"/>let mut _4: impl Future&lt;Output = ()&gt; + 'static + Send;<br align="left"/>let _5: std::sync::Arc&lt;Task&gt;;<br align="left"/>let mut _6: Task;<br align="left"/>let mut _7: std::sync::Mutex&lt;std::option::Option&lt;std::pin::Pin&lt;std::boxed::Box&lt;dyn futures::Future&lt;Output = ()&gt; + std::marker::Send&gt;&gt;&gt;&gt;;<br align="left"/>let mut _8: std::option::Option&lt;std::pin::Pin&lt;std::boxed::Box&lt;dyn futures::Future&lt;Output = ()&gt; + std::marker::Send&gt;&gt;&gt;;<br align="left"/>let mut _9: std::pin::Pin&lt;std::boxed::Box&lt;dyn futures::Future&lt;Output = ()&gt; + std::marker::Send&gt;&gt;;<br align="left"/>let mut _10: std::pin::Pin&lt;std::boxed::Box&lt;dyn futures::Future&lt;Output = ()&gt; + std::marker::Send&gt;&gt;;<br align="left"/>let mut _11: std::sync::mpsc::SyncSender&lt;std::sync::Arc&lt;Task&gt;&gt;;<br align="left"/>let mut _12: &amp;std::sync::mpsc::SyncSender&lt;std::sync::Arc&lt;Task&gt;&gt;;<br align="left"/>let _13: ();<br align="left"/>let mut _14: std::result::Result&lt;(), std::sync::mpsc::SendError&lt;std::sync::Arc&lt;Task&gt;&gt;&gt;;<br align="left"/>let mut _15: &amp;std::sync::mpsc::SyncSender&lt;std::sync::Arc&lt;Task&gt;&gt;;<br align="left"/>let mut _16: std::sync::Arc&lt;Task&gt;;<br align="left"/>let mut _17: &amp;str;<br align="left"/>let _18: &amp;str;<br align="left"/>debug self =&gt; _1;<br align="left"/>debug future =&gt; _2;<br align="left"/>debug future =&gt; _3;<br align="left"/>debug task =&gt; _5;<br align="left"/>>;
    bb0__0_72 [shape="none", label=<<table border="0" cellborder="1" cellspacing="0"><tr><td bgcolor="gray" align="center" colspan="1">0</td></tr><tr><td align="left" balign="left">_4 = move _2<br/></td></tr><tr><td align="left">_3 = &lt;impl Future&lt;Output = ()&gt; + 'static + Send as FutureExt&gt;::boxed(move _4)</td></tr></table>>];
    bb1__0_72 [shape="none", label=<<table border="0" cellborder="1" cellspacing="0"><tr><td bgcolor="gray" align="center" colspan="1">1</td></tr><tr><td align="left" balign="left">_10 = move _3<br/>_9 = move _10 as std::pin::Pin&lt;std::boxed::Box&lt;dyn futures::Future&lt;Output = ()&gt; + std::marker::Send&gt;&gt; (Pointer(Unsize))<br/>Deinit(_8)<br/>((_8 as Some).0: std::pin::Pin&lt;std::boxed::Box&lt;dyn futures::Future&lt;Output = ()&gt; + std::marker::Send&gt;&gt;) = move _9<br/>discriminant(_8) = 1<br/></td></tr><tr><td align="left">_7 = std::sync::Mutex::&lt;Option&lt;Pin&lt;Box&lt;dyn futures::Future&lt;Output = ()&gt; + std::marker::Send&gt;&gt;&gt;&gt;::new(move _8)</td></tr></table>>];
    bb2__0_72 [shape="none", label=<<table border="0" cellborder="1" cellspacing="0"><tr><td bgcolor="gray" align="center" colspan="1">2</td></tr><tr><td align="left" balign="left">_12 = &amp;((*_1).0: std::sync::mpsc::SyncSender&lt;std::sync::Arc&lt;Task&gt;&gt;)<br/></td></tr><tr><td align="left">_11 = &lt;SyncSender&lt;Arc&lt;Task&gt;&gt; as Clone&gt;::clone(move _12)</td></tr></table>>];
    bb3__0_72 [shape="none", label=<<table border="0" cellborder="1" cellspacing="0"><tr><td bgcolor="gray" align="center" colspan="1">3</td></tr><tr><td align="left" balign="left">Deinit(_6)<br/>(_6.0: std::sync::Mutex&lt;std::option::Option&lt;std::pin::Pin&lt;std::boxed::Box&lt;dyn futures::Future&lt;Output = ()&gt; + std::marker::Send&gt;&gt;&gt;&gt;) = move _7<br/>(_6.1: std::sync::mpsc::SyncSender&lt;std::sync::Arc&lt;Task&gt;&gt;) = move _11<br/></td></tr><tr><td align="left">_5 = Arc::&lt;Task&gt;::new(move _6)</td></tr></table>>];
    bb4__0_72 [shape="none", label=<<table border="0" cellborder="1" cellspacing="0"><tr><td bgcolor="gray" align="center" colspan="1">4</td></tr><tr><td align="left" balign="left">_15 = &amp;((*_1).0: std::sync::mpsc::SyncSender&lt;std::sync::Arc&lt;Task&gt;&gt;)<br/>_16 = move _5<br/></td></tr><tr><td align="left">_14 = SyncSender::&lt;Arc&lt;Task&gt;&gt;::send(move _15, move _16)</td></tr></table>>];
    bb5__0_72 [shape="none", label=<<table border="0" cellborder="1" cellspacing="0"><tr><td bgcolor="gray" align="center" colspan="1">5</td></tr><tr><td align="left" balign="left">_18 = const &quot;too many tasks queued.&quot;<br/>_17 = _18<br/></td></tr><tr><td align="left">_13 = Result::&lt;(), std::sync::mpsc::SendError&lt;Arc&lt;Task&gt;&gt;&gt;::expect(move _14, move _17)</td></tr></table>>];
    bb6__0_72 [shape="none", label=<<table border="0" cellborder="1" cellspacing="0"><tr><td bgcolor="gray" align="center" colspan="1">6</td></tr><tr><td align="left">return</td></tr></table>>];
    bb7__0_72 [shape="none", label=<<table border="0" cellborder="1" cellspacing="0"><tr><td bgcolor="lightblue" align="center" colspan="1">7 (cleanup)</td></tr><tr><td align="left">drop(_7)</td></tr></table>>];
    bb8__0_72 [shape="none", label=<<table border="0" cellborder="1" cellspacing="0"><tr><td bgcolor="lightblue" align="center" colspan="1">8 (cleanup)</td></tr><tr><td align="left">resume</td></tr></table>>];
    bb0__0_72 -> bb1__0_72 [label="return"];
    bb1__0_72 -> bb2__0_72 [label="return"];
    bb2__0_72 -> bb3__0_72 [label="return"];
    bb2__0_72 -> bb7__0_72 [label="unwind"];
    bb3__0_72 -> bb4__0_72 [label="return"];
    bb4__0_72 -> bb5__0_72 [label="return"];
    bb5__0_72 -> bb6__0_72 [label="return"];
    bb7__0_72 -> bb8__0_72 [label="return"];
}
subgraph cluster_Mir_0_78 {
    graph [fontname="Courier, monospace"];
    node [fontname="Courier, monospace"];
    edge [fontname="Courier, monospace"];
    label=<fn &lt;Task as ArcWake&gt;::wake_by_ref(_1: &amp;std::sync::Arc&lt;Task&gt;) -&gt; ()<br align="left"/>let _2: std::sync::Arc&lt;Task&gt;;<br align="left"/>let mut _3: &amp;std::sync::Arc&lt;Task&gt;;<br align="left"/>let mut _4: std::result::Result&lt;(), std::sync::mpsc::SendError&lt;std::sync::Arc&lt;Task&gt;&gt;&gt;;<br align="left"/>let mut _5: &amp;std::sync::mpsc::SyncSender&lt;std::sync::Arc&lt;Task&gt;&gt;;<br align="left"/>let _6: &amp;Task;<br align="left"/>let mut _7: &amp;std::sync::Arc&lt;Task&gt;;<br align="left"/>let mut _8: std::sync::Arc&lt;Task&gt;;<br align="left"/>let mut _9: &amp;str;<br align="left"/>let _10: &amp;str;<br align="left"/>let mut _11: bool;<br align="left"/>debug arc_self =&gt; _1;<br align="left"/>debug cloned =&gt; _2;<br align="left"/>>;
    bb0__0_78 [shape="none", label=<<table border="0" cellborder="1" cellspacing="0"><tr><td bgcolor="gray" align="center" colspan="1">0</td></tr><tr><td align="left" balign="left">_11 = const false<br/>_3 = _1<br/>_11 = const true<br/></td></tr><tr><td align="left">_2 = &lt;Arc&lt;Task&gt; as Clone&gt;::clone(move _3)</td></tr></table>>];
    bb1__0_78 [shape="none", label=<<table border="0" cellborder="1" cellspacing="0"><tr><td bgcolor="gray" align="center" colspan="1">1</td></tr><tr><td align="left" balign="left">_7 = _1<br/></td></tr><tr><td align="left">_6 = &lt;Arc&lt;Task&gt; as Deref&gt;::deref(move _7)</td></tr></table>>];
    bb2__0_78 [shape="none", label=<<table border="0" cellborder="1" cellspacing="0"><tr><td bgcolor="gray" align="center" colspan="1">2</td></tr><tr><td align="left" balign="left">_5 = &amp;((*_6).1: std::sync::mpsc::SyncSender&lt;std::sync::Arc&lt;Task&gt;&gt;)<br/>_11 = const false<br/>_8 = move _2<br/></td></tr><tr><td align="left">_4 = SyncSender::&lt;Arc&lt;Task&gt;&gt;::send(move _5, move _8)</td></tr></table>>];
    bb3__0_78 [shape="none", label=<<table border="0" cellborder="1" cellspacing="0"><tr><td bgcolor="gray" align="center" colspan="1">3</td></tr><tr><td align="left" balign="left">_10 = const &quot;too many tasks queued.&quot;<br/>_9 = _10<br/></td></tr><tr><td align="left">_0 = Result::&lt;(), std::sync::mpsc::SendError&lt;Arc&lt;Task&gt;&gt;&gt;::expect(move _4, move _9)</td></tr></table>>];
    bb4__0_78 [shape="none", label=<<table border="0" cellborder="1" cellspacing="0"><tr><td bgcolor="gray" align="center" colspan="1">4</td></tr><tr><td align="left" balign="left">_11 = const false<br/></td></tr><tr><td align="left">return</td></tr></table>>];
    bb5__0_78 [shape="none", label=<<table border="0" cellborder="1" cellspacing="0"><tr><td bgcolor="lightblue" align="center" colspan="1">5 (cleanup)</td></tr><tr><td align="left">resume</td></tr></table>>];
    bb6__0_78 [shape="none", label=<<table border="0" cellborder="1" cellspacing="0"><tr><td bgcolor="lightblue" align="center" colspan="1">6 (cleanup)</td></tr><tr><td align="left">drop(_2)</td></tr></table>>];
    bb7__0_78 [shape="none", label=<<table border="0" cellborder="1" cellspacing="0"><tr><td bgcolor="lightblue" align="center" colspan="1">7 (cleanup)</td></tr><tr><td align="left">switchInt(_11)</td></tr></table>>];
    bb0__0_78 -> bb1__0_78 [label="return"];
    bb1__0_78 -> bb2__0_78 [label="return"];
    bb1__0_78 -> bb7__0_78 [label="unwind"];
    bb2__0_78 -> bb3__0_78 [label="return"];
    bb2__0_78 -> bb7__0_78 [label="unwind"];
    bb3__0_78 -> bb4__0_78 [label="return"];
    bb3__0_78 -> bb7__0_78 [label="unwind"];
    bb6__0_78 -> bb5__0_78 [label="return"];
    bb7__0_78 -> bb5__0_78 [label="false"];
    bb7__0_78 -> bb6__0_78 [label="otherwise"];
}
subgraph cluster_Mir_0_80 {
    graph [fontname="Courier, monospace"];
    node [fontname="Courier, monospace"];
    edge [fontname="Courier, monospace"];
    label=<fn Executor::run(_1: &amp;Executor) -&gt; ()<br align="left"/>let mut _2: std::result::Result&lt;std::sync::Arc&lt;Task&gt;, std::sync::mpsc::RecvError&gt;;<br align="left"/>let mut _3: &amp;std::sync::mpsc::Receiver&lt;std::sync::Arc&lt;Task&gt;&gt;;<br align="left"/>let mut _4: isize;<br align="left"/>let _5: std::sync::Arc&lt;Task&gt;;<br align="left"/>let mut _6: std::sync::MutexGuard&lt;std::option::Option&lt;std::pin::Pin&lt;std::boxed::Box&lt;dyn futures::Future&lt;Output = ()&gt; + std::marker::Send&gt;&gt;&gt;&gt;;<br align="left"/>let mut _7: std::result::Result&lt;std::sync::MutexGuard&lt;std::option::Option&lt;std::pin::Pin&lt;std::boxed::Box&lt;dyn futures::Future&lt;Output = ()&gt; + std::marker::Send&gt;&gt;&gt;&gt;, std::sync::PoisonError&lt;std::sync::MutexGuard&lt;std::option::Option&lt;std::pin::Pin&lt;std::boxed::Box&lt;dyn futures::Future&lt;Output = ()&gt; + std::marker::Send&gt;&gt;&gt;&gt;&gt;&gt;;<br align="left"/>let mut _8: &amp;std::sync::Mutex&lt;std::option::Option&lt;std::pin::Pin&lt;std::boxed::Box&lt;dyn futures::Future&lt;Output = ()&gt; + std::marker::Send&gt;&gt;&gt;&gt;;<br align="left"/>let _9: &amp;Task;<br align="left"/>let mut _10: &amp;std::sync::Arc&lt;Task&gt;;<br align="left"/>let mut _11: std::option::Option&lt;std::pin::Pin&lt;std::boxed::Box&lt;dyn futures::Future&lt;Output = ()&gt; + std::marker::Send&gt;&gt;&gt;;<br align="left"/>let mut _12: &amp;mut std::option::Option&lt;std::pin::Pin&lt;std::boxed::Box&lt;dyn futures::Future&lt;Output = ()&gt; + std::marker::Send&gt;&gt;&gt;;<br align="left"/>let mut _13: &amp;mut std::option::Option&lt;std::pin::Pin&lt;std::boxed::Box&lt;dyn futures::Future&lt;Output = ()&gt; + std::marker::Send&gt;&gt;&gt;;<br align="left"/>let mut _14: &amp;mut std::sync::MutexGuard&lt;std::option::Option&lt;std::pin::Pin&lt;std::boxed::Box&lt;dyn futures::Future&lt;Output = ()&gt; + std::marker::Send&gt;&gt;&gt;&gt;;<br align="left"/>let mut _15: isize;<br align="left"/>let mut _16: std::pin::Pin&lt;std::boxed::Box&lt;dyn futures::Future&lt;Output = ()&gt; + std::marker::Send&gt;&gt;;<br align="left"/>let _17: futures::task::WakerRef;<br align="left"/>let mut _18: &amp;std::sync::Arc&lt;Task&gt;;<br align="left"/>let _19: &amp;std::sync::Arc&lt;Task&gt;;<br align="left"/>let _20: &amp;mut std::task::Context;<br align="left"/>let mut _21: std::task::Context;<br align="left"/>let mut _22: &amp;std::task::Waker;<br align="left"/>let _23: &amp;std::task::Waker;<br align="left"/>let mut _24: &amp;futures::task::WakerRef;<br align="left"/>let _25: &amp;futures::task::WakerRef;<br align="left"/>let mut _26: bool;<br align="left"/>let mut _27: &amp;std::task::Poll&lt;()&gt;;<br align="left"/>let _28: std::task::Poll&lt;()&gt;;<br align="left"/>let mut _29: std::pin::Pin&lt;&amp;mut dyn futures::Future&lt;Output = ()&gt; + std::marker::Send&gt;;<br align="left"/>let mut _30: &amp;mut std::pin::Pin&lt;std::boxed::Box&lt;dyn futures::Future&lt;Output = ()&gt; + std::marker::Send&gt;&gt;;<br align="left"/>let mut _31: &amp;mut std::task::Context;<br align="left"/>let mut _32: std::option::Option&lt;std::pin::Pin&lt;std::boxed::Box&lt;dyn futures::Future&lt;Output = ()&gt; + std::marker::Send&gt;&gt;&gt;;<br align="left"/>let mut _33: std::pin::Pin&lt;std::boxed::Box&lt;dyn futures::Future&lt;Output = ()&gt; + std::marker::Send&gt;&gt;;<br align="left"/>let mut _34: std::pin::Pin&lt;std::boxed::Box&lt;dyn futures::Future&lt;Output = ()&gt; + std::marker::Send&gt;&gt;;<br align="left"/>let mut _35: &amp;mut std::option::Option&lt;std::pin::Pin&lt;std::boxed::Box&lt;dyn futures::Future&lt;Output = ()&gt; + std::marker::Send&gt;&gt;&gt;;<br align="left"/>let mut _36: &amp;mut std::sync::MutexGuard&lt;std::option::Option&lt;std::pin::Pin&lt;std::boxed::Box&lt;dyn futures::Future&lt;Output = ()&gt; + std::marker::Send&gt;&gt;&gt;&gt;;<br align="left"/>let mut _37: bool;<br align="left"/>let mut _38: bool;<br align="left"/>let mut _39: bool;<br align="left"/>let mut _40: isize;<br align="left"/>let mut _41: isize;<br align="left"/>debug self =&gt; _1;<br align="left"/>debug task =&gt; _5;<br align="left"/>debug future_slot =&gt; _6;<br align="left"/>debug future =&gt; _16;<br align="left"/>debug waker =&gt; _17;<br align="left"/>debug cx =&gt; _20;<br align="left"/>>;
    bb0__0_80 [shape="none", label=<<table border="0" cellborder="1" cellspacing="0"><tr><td bgcolor="gray" align="center" colspan="1">0</td></tr><tr><td align="left" balign="left">_38 = const false<br/>_37 = const false<br/>_39 = const false<br/></td></tr><tr><td align="left">goto</td></tr></table>>];
    bb1__0_80 [shape="none", label=<<table border="0" cellborder="1" cellspacing="0"><tr><td bgcolor="gray" align="center" colspan="1">1</td></tr><tr><td align="left" balign="left">_3 = &amp;((*_1).0: std::sync::mpsc::Receiver&lt;std::sync::Arc&lt;Task&gt;&gt;)<br/></td></tr><tr><td align="left">_2 = std::sync::mpsc::Receiver::&lt;Arc&lt;Task&gt;&gt;::recv(move _3)</td></tr></table>>];
    bb2__0_80 [shape="none", label=<<table border="0" cellborder="1" cellspacing="0"><tr><td bgcolor="gray" align="center" colspan="1">2</td></tr><tr><td align="left" balign="left">_4 = discriminant(_2)<br/></td></tr><tr><td align="left">switchInt(move _4)</td></tr></table>>];
    bb3__0_80 [shape="none", label=<<table border="0" cellborder="1" cellspacing="0"><tr><td bgcolor="gray" align="center" colspan="1">3</td></tr><tr><td align="left" balign="left">_5 = move ((_2 as Ok).0: std::sync::Arc&lt;Task&gt;)<br/>_10 = &amp;_5<br/></td></tr><tr><td align="left">_9 = &lt;Arc&lt;Task&gt; as Deref&gt;::deref(move _10)</td></tr></table>>];
    bb4__0_80 [shape="none", label=<<table border="0" cellborder="1" cellspacing="0"><tr><td bgcolor="gray" align="center" colspan="1">4</td></tr><tr><td align="left" balign="left">_8 = &amp;((*_9).0: std::sync::Mutex&lt;std::option::Option&lt;std::pin::Pin&lt;std::boxed::Box&lt;dyn futures::Future&lt;Output = ()&gt; + std::marker::Send&gt;&gt;&gt;&gt;)<br/></td></tr><tr><td align="left">_7 = std::sync::Mutex::&lt;Option&lt;Pin&lt;Box&lt;dyn futures::Future&lt;Output = ()&gt; + std::marker::Send&gt;&gt;&gt;&gt;::lock(move _8)</td></tr></table>>];
    bb5__0_80 [shape="none", label=<<table border="0" cellborder="1" cellspacing="0"><tr><td bgcolor="gray" align="center" colspan="1">5</td></tr><tr><td align="left">_6 = Result::&lt;std::sync::MutexGuard&lt;Option&lt;Pin&lt;Box&lt;dyn futures::Future&lt;Output = ()&gt; + std::marker::Send&gt;&gt;&gt;&gt;, PoisonError&lt;std::sync::MutexGuard&lt;Option&lt;Pin&lt;Box&lt;dyn futures::Future&lt;Output = ()&gt; + std::marker::Send&gt;&gt;&gt;&gt;&gt;&gt;::unwrap(move _7)</td></tr></table>>];
    bb6__0_80 [shape="none", label=<<table border="0" cellborder="1" cellspacing="0"><tr><td bgcolor="gray" align="center" colspan="1">6</td></tr><tr><td align="left" balign="left">_14 = &amp;mut _6<br/></td></tr><tr><td align="left">_13 = &lt;std::sync::MutexGuard&lt;Option&lt;Pin&lt;Box&lt;dyn futures::Future&lt;Output = ()&gt; + std::marker::Send&gt;&gt;&gt;&gt; as DerefMut&gt;::deref_mut(move _14)</td></tr></table>>];
    bb7__0_80 [shape="none", label=<<table border="0" cellborder="1" cellspacing="0"><tr><td bgcolor="gray" align="center" colspan="1">7</td></tr><tr><td align="left" balign="left">_12 = &amp;mut (*_13)<br/></td></tr><tr><td align="left">_11 = Option::&lt;Pin&lt;Box&lt;dyn futures::Future&lt;Output = ()&gt; + std::marker::Send&gt;&gt;&gt;::take(move _12)</td></tr></table>>];
    bb8__0_80 [shape="none", label=<<table border="0" cellborder="1" cellspacing="0"><tr><td bgcolor="gray" align="center" colspan="1">8</td></tr><tr><td align="left" balign="left">_38 = const true<br/>_15 = discriminant(_11)<br/></td></tr><tr><td align="left">switchInt(move _15)</td></tr></table>>];
    bb9__0_80 [shape="none", label=<<table border="0" cellborder="1" cellspacing="0"><tr><td bgcolor="gray" align="center" colspan="1">9</td></tr><tr><td align="left" balign="left">_38 = const false<br/>_37 = const true<br/>_16 = move ((_11 as Some).0: std::pin::Pin&lt;std::boxed::Box&lt;dyn futures::Future&lt;Output = ()&gt; + std::marker::Send&gt;&gt;)<br/>_19 = &amp;_5<br/>_18 = _19<br/></td></tr><tr><td align="left">_17 = waker_ref::&lt;Task&gt;(move _18)</td></tr></table>>];
    bb10__0_80 [shape="none", label=<<table border="0" cellborder="1" cellspacing="0"><tr><td bgcolor="gray" align="center" colspan="1">10</td></tr><tr><td align="left" balign="left">_25 = &amp;_17<br/>_24 = _25<br/></td></tr><tr><td align="left">_23 = &lt;WakerRef as Deref&gt;::deref(move _24)</td></tr></table>>];
    bb11__0_80 [shape="none", label=<<table border="0" cellborder="1" cellspacing="0"><tr><td bgcolor="gray" align="center" colspan="1">11</td></tr><tr><td align="left" balign="left">_22 = _23<br/></td></tr><tr><td align="left">_21 = Context::from_waker(move _22)</td></tr></table>>];
    bb12__0_80 [shape="none", label=<<table border="0" cellborder="1" cellspacing="0"><tr><td bgcolor="gray" align="center" colspan="1">12</td></tr><tr><td align="left" balign="left">_20 = &amp;mut _21<br/>_30 = &amp;mut _16<br/></td></tr><tr><td align="left">_29 = Pin::&lt;Box&lt;dyn futures::Future&lt;Output = ()&gt; + std::marker::Send&gt;&gt;::as_mut(move _30)</td></tr></table>>];
    bb13__0_80 [shape="none", label=<<table border="0" cellborder="1" cellspacing="0"><tr><td bgcolor="gray" align="center" colspan="1">13</td></tr><tr><td align="left" balign="left">_31 = &amp;mut (*_20)<br/></td></tr><tr><td align="left">_28 = &lt;dyn futures::Future&lt;Output = ()&gt; + std::marker::Send as futures::Future&gt;::poll(move _29, move _31)</td></tr></table>>];
    bb14__0_80 [shape="none", label=<<table border="0" cellborder="1" cellspacing="0"><tr><td bgcolor="gray" align="center" colspan="1">14</td></tr><tr><td align="left" balign="left">_27 = &amp;_28<br/></td></tr><tr><td align="left">_26 = Poll::&lt;()&gt;::is_pending(move _27)</td></tr></table>>];
    bb15__0_80 [shape="none", label=<<table border="0" cellborder="1" cellspacing="0"><tr><td bgcolor="gray" align="center" colspan="1">15</td></tr><tr><td align="left">switchInt(move _26)</td></tr></table>>];
    bb16__0_80 [shape="none", label=<<table border="0" cellborder="1" cellspacing="0"><tr><td bgcolor="gray" align="center" colspan="1">16</td></tr><tr><td align="left" balign="left">_37 = const false<br/>_34 = move _16<br/>_33 = move _34 as std::pin::Pin&lt;std::boxed::Box&lt;dyn futures::Future&lt;Output = ()&gt; + std::marker::Send&gt;&gt; (Pointer(Unsize))<br/>_39 = const true<br/>Deinit(_32)<br/>((_32 as Some).0: std::pin::Pin&lt;std::boxed::Box&lt;dyn futures::Future&lt;Output = ()&gt; + std::marker::Send&gt;&gt;) = move _33<br/>discriminant(_32) = 1<br/>_36 = &amp;mut _6<br/></td></tr><tr><td align="left">_35 = &lt;std::sync::MutexGuard&lt;Option&lt;Pin&lt;Box&lt;dyn futures::Future&lt;Output = ()&gt; + std::marker::Send&gt;&gt;&gt;&gt; as DerefMut&gt;::deref_mut(move _36)</td></tr></table>>];
    bb17__0_80 [shape="none", label=<<table border="0" cellborder="1" cellspacing="0"><tr><td bgcolor="gray" align="center" colspan="1">17</td></tr><tr><td align="left" balign="left">_39 = const false<br/></td></tr><tr><td align="left">drop((*_35))</td></tr></table>>];
    bb18__0_80 [shape="none", label=<<table border="0" cellborder="1" cellspacing="0"><tr><td bgcolor="gray" align="center" colspan="1">18</td></tr><tr><td align="left">switchInt(_37)</td></tr></table>>];
    bb19__0_80 [shape="none", label=<<table border="0" cellborder="1" cellspacing="0"><tr><td bgcolor="gray" align="center" colspan="1">19</td></tr><tr><td align="left" balign="left">_37 = const false<br/></td></tr><tr><td align="left">goto</td></tr></table>>];
    bb20__0_80 [shape="none", label=<<table border="0" cellborder="1" cellspacing="0"><tr><td bgcolor="gray" align="center" colspan="1">20</td></tr><tr><td align="left">drop(_6)</td></tr></table>>];
    bb21__0_80 [shape="none", label=<<table border="0" cellborder="1" cellspacing="0"><tr><td bgcolor="gray" align="center" colspan="1">21</td></tr><tr><td align="left" balign="left">_40 = discriminant(_11)<br/></td></tr><tr><td align="left">switchInt(move _40)</td></tr></table>>];
    bb22__0_80 [shape="none", label=<<table border="0" cellborder="1" cellspacing="0"><tr><td bgcolor="gray" align="center" colspan="1">22</td></tr><tr><td align="left">drop(_2)</td></tr></table>>];
    bb23__0_80 [shape="none", label=<<table border="0" cellborder="1" cellspacing="0"><tr><td bgcolor="gray" align="center" colspan="1">23</td></tr><tr><td align="left">goto</td></tr></table>>];
    bb24__0_80 [shape="none", label=<<table border="0" cellborder="1" cellspacing="0"><tr><td bgcolor="gray" align="center" colspan="1">24</td></tr><tr><td align="left">return</td></tr></table>>];
    bb25__0_80 [shape="none", label=<<table border="0" cellborder="1" cellspacing="0"><tr><td bgcolor="lightblue" align="center" colspan="1">25 (cleanup)</td></tr><tr><td align="left">switchInt(_39)</td></tr></table>>];
    bb26__0_80 [shape="none", label=<<table border="0" cellborder="1" cellspacing="0"><tr><td bgcolor="lightblue" align="center" colspan="1">26 (cleanup)</td></tr><tr><td align="left">drop(_6)</td></tr></table>>];
    bb27__0_80 [shape="none", label=<<table border="0" cellborder="1" cellspacing="0"><tr><td bgcolor="lightblue" align="center" colspan="1">27 (cleanup)</td></tr><tr><td align="left">drop(_6)</td></tr></table>>];
    bb28__0_80 [shape="none", label=<<table border="0" cellborder="1" cellspacing="0"><tr><td bgcolor="lightblue" align="center" colspan="1">28 (cleanup)</td></tr><tr><td align="left">drop(_5)</td></tr></table>>];
    bb29__0_80 [shape="none", label=<<table border="0" cellborder="1" cellspacing="0"><tr><td bgcolor="lightblue" align="center" colspan="1">29 (cleanup)</td></tr><tr><td align="left">resume</td></tr></table>>];
    bb30__0_80 [shape="none", label=<<table border="0" cellborder="1" cellspacing="0"><tr><td bgcolor="lightblue" align="center" colspan="1">30 (cleanup)</td></tr><tr><td align="left" balign="left">(*_35) = move _32<br/></td></tr><tr><td align="left">goto</td></tr></table>>];
    bb31__0_80 [shape="none", label=<<table border="0" cellborder="1" cellspacing="0"><tr><td bgcolor="gray" align="center" colspan="1">31</td></tr><tr><td align="left" balign="left">(*_35) = move _32<br/>_39 = const false<br/></td></tr><tr><td align="left">goto</td></tr></table>>];
    bb32__0_80 [shape="none", label=<<table border="0" cellborder="1" cellspacing="0"><tr><td bgcolor="gray" align="center" colspan="1">32</td></tr><tr><td align="left">drop(_16)</td></tr></table>>];
    bb33__0_80 [shape="none", label=<<table border="0" cellborder="1" cellspacing="0"><tr><td bgcolor="gray" align="center" colspan="1">33</td></tr><tr><td align="left" balign="left">_38 = const false<br/></td></tr><tr><td align="left">drop(_5)</td></tr></table>>];
    bb34__0_80 [shape="none", label=<<table border="0" cellborder="1" cellspacing="0"><tr><td bgcolor="gray" align="center" colspan="1">34</td></tr><tr><td align="left">switchInt(_38)</td></tr></table>>];
    bb35__0_80 [shape="none", label=<<table border="0" cellborder="1" cellspacing="0"><tr><td bgcolor="gray" align="center" colspan="1">35</td></tr><tr><td align="left">drop(((_11 as Some).0: std::pin::Pin&lt;std::boxed::Box&lt;dyn futures::Future&lt;Output = ()&gt; + std::marker::Send&gt;&gt;))</td></tr></table>>];
    bb36__0_80 [shape="none", label=<<table border="0" cellborder="1" cellspacing="0"><tr><td bgcolor="lightblue" align="center" colspan="1">36 (cleanup)</td></tr><tr><td align="left">drop(_32)</td></tr></table>>];
    bb37__0_80 [shape="none", label=<<table border="0" cellborder="1" cellspacing="0"><tr><td bgcolor="lightblue" align="center" colspan="1">37 (cleanup)</td></tr><tr><td align="left">drop(_16)</td></tr></table>>];
    bb38__0_80 [shape="none", label=<<table border="0" cellborder="1" cellspacing="0"><tr><td bgcolor="lightblue" align="center" colspan="1">38 (cleanup)</td></tr><tr><td align="left">switchInt(_37)</td></tr></table>>];
    bb39__0_80 [shape="none", label=<<table border="0" cellborder="1" cellspacing="0"><tr><td bgcolor="lightblue" align="center" colspan="1">39 (cleanup)</td></tr><tr><td align="left">switchInt(_38)</td></tr></table>>];
    bb40__0_80 [shape="none", label=<<table border="0" cellborder="1" cellspacing="0"><tr><td bgcolor="lightblue" align="center" colspan="1">40 (cleanup)</td></tr><tr><td align="left">drop(((_11 as Some).0: std::pin::Pin&lt;std::boxed::Box&lt;dyn futures::Future&lt;Output = ()&gt; + std::marker::Send&gt;&gt;))</td></tr></table>>];
    bb41__0_80 [shape="none", label=<<table border="0" cellborder="1" cellspacing="0"><tr><td bgcolor="lightblue" align="center" colspan="1">41 (cleanup)</td></tr><tr><td align="left" balign="left">_41 = discriminant(_11)<br/></td></tr><tr><td align="left">switchInt(move _41)</td></tr></table>>];
    bb0__0_80 -> bb1__0_80 [label=""];
    bb1__0_80 -> bb2__0_80 [label="return"];
    bb2__0_80 -> bb3__0_80 [label="0_isize"];
    bb2__0_80 -> bb22__0_80 [label="otherwise"];
    bb3__0_80 -> bb4__0_80 [label="return"];
    bb3__0_80 -> bb28__0_80 [label="unwind"];
    bb4__0_80 -> bb5__0_80 [label="return"];
    bb4__0_80 -> bb28__0_80 [label="unwind"];
    bb5__0_80 -> bb6__0_80 [label="return"];
    bb5__0_80 -> bb28__0_80 [label="unwind"];
    bb6__0_80 -> bb7__0_80 [label="return"];
    bb6__0_80 -> bb27__0_80 [label="unwind"];
    bb7__0_80 -> bb8__0_80 [label="return"];
    bb7__0_80 -> bb27__0_80 [label="unwind"];
    bb8__0_80 -> bb9__0_80 [label="1_isize"];
    bb8__0_80 -> bb20__0_80 [label="otherwise"];
    bb9__0_80 -> bb10__0_80 [label="return"];
    bb9__0_80 -> bb38__0_80 [label="unwind"];
    bb10__0_80 -> bb11__0_80 [label="return"];
    bb10__0_80 -> bb38__0_80 [label="unwind"];
    bb11__0_80 -> bb12__0_80 [label="return"];
    bb11__0_80 -> bb38__0_80 [label="unwind"];
    bb12__0_80 -> bb13__0_80 [label="return"];
    bb12__0_80 -> bb38__0_80 [label="unwind"];
    bb13__0_80 -> bb14__0_80 [label="return"];
    bb13__0_80 -> bb38__0_80 [label="unwind"];
    bb14__0_80 -> bb15__0_80 [label="return"];
    bb14__0_80 -> bb38__0_80 [label="unwind"];
    bb15__0_80 -> bb18__0_80 [label="false"];
    bb15__0_80 -> bb16__0_80 [label="otherwise"];
    bb16__0_80 -> bb17__0_80 [label="return"];
    bb16__0_80 -> bb25__0_80 [label="unwind"];
    bb17__0_80 -> bb31__0_80 [label="return"];
    bb17__0_80 -> bb30__0_80 [label="unwind"];
    bb18__0_80 -> bb19__0_80 [label="false"];
    bb18__0_80 -> bb32__0_80 [label="otherwise"];
    bb19__0_80 -> bb20__0_80 [label=""];
    bb20__0_80 -> bb21__0_80 [label="return"];
    bb20__0_80 -> bb41__0_80 [label="unwind"];
    bb21__0_80 -> bb34__0_80 [label="1_isize"];
    bb21__0_80 -> bb33__0_80 [label="otherwise"];
    bb22__0_80 -> bb24__0_80 [label="return"];
    bb23__0_80 -> bb1__0_80 [label=""];
    bb25__0_80 -> bb38__0_80 [label="false"];
    bb25__0_80 -> bb36__0_80 [label="otherwise"];
    bb26__0_80 -> bb41__0_80 [label="return"];
    bb27__0_80 -> bb28__0_80 [label="return"];
    bb28__0_80 -> bb29__0_80 [label="return"];
    bb30__0_80 -> bb25__0_80 [label=""];
    bb31__0_80 -> bb18__0_80 [label=""];
    bb32__0_80 -> bb19__0_80 [label="return"];
    bb32__0_80 -> bb26__0_80 [label="unwind"];
    bb33__0_80 -> bb23__0_80 [label="return"];
    bb34__0_80 -> bb33__0_80 [label="false"];
    bb34__0_80 -> bb35__0_80 [label="otherwise"];
    bb35__0_80 -> bb33__0_80 [label="return"];
    bb35__0_80 -> bb28__0_80 [label="unwind"];
    bb36__0_80 -> bb38__0_80 [label="return"];
    bb37__0_80 -> bb26__0_80 [label="return"];
    bb38__0_80 -> bb26__0_80 [label="false"];
    bb38__0_80 -> bb37__0_80 [label="otherwise"];
    bb39__0_80 -> bb28__0_80 [label="false"];
    bb39__0_80 -> bb40__0_80 [label="otherwise"];
    bb40__0_80 -> bb28__0_80 [label="return"];
    bb41__0_80 -> bb39__0_80 [label="1_isize"];
    bb41__0_80 -> bb28__0_80 [label="otherwise"];
}
subgraph cluster_Mir_0_81 {
    graph [fontname="Courier, monospace"];
    node [fontname="Courier, monospace"];
    edge [fontname="Courier, monospace"];
    label=<fn new_executor_and_spawner() -&gt; (Executor, Spawner)<br align="left"/>let _1: std::sync::mpsc::SyncSender&lt;std::sync::Arc&lt;Task&gt;&gt;;<br align="left"/>let _2: std::sync::mpsc::Receiver&lt;std::sync::Arc&lt;Task&gt;&gt;;<br align="left"/>let mut _3: (std::sync::mpsc::SyncSender&lt;std::sync::Arc&lt;Task&gt;&gt;, std::sync::mpsc::Receiver&lt;std::sync::Arc&lt;Task&gt;&gt;);<br align="left"/>let mut _4: Executor;<br align="left"/>let mut _5: std::sync::mpsc::Receiver&lt;std::sync::Arc&lt;Task&gt;&gt;;<br align="left"/>let mut _6: Spawner;<br align="left"/>let mut _7: std::sync::mpsc::SyncSender&lt;std::sync::Arc&lt;Task&gt;&gt;;<br align="left"/>debug task_sender =&gt; _1;<br align="left"/>debug ready_queue =&gt; _2;<br align="left"/>>;
    bb0__0_81 [shape="none", label=<<table border="0" cellborder="1" cellspacing="0"><tr><td bgcolor="gray" align="center" colspan="1">0</td></tr><tr><td align="left">_3 = sync_channel::&lt;Arc&lt;Task&gt;&gt;(const MAX_QUEUE_SIZE)</td></tr></table>>];
    bb1__0_81 [shape="none", label=<<table border="0" cellborder="1" cellspacing="0"><tr><td bgcolor="gray" align="center" colspan="1">1</td></tr><tr><td align="left" balign="left">_1 = move (_3.0: std::sync::mpsc::SyncSender&lt;std::sync::Arc&lt;Task&gt;&gt;)<br/>_2 = move (_3.1: std::sync::mpsc::Receiver&lt;std::sync::Arc&lt;Task&gt;&gt;)<br/>_5 = move _2<br/>Deinit(_4)<br/>(_4.0: std::sync::mpsc::Receiver&lt;std::sync::Arc&lt;Task&gt;&gt;) = move _5<br/>_7 = move _1<br/>Deinit(_6)<br/>(_6.0: std::sync::mpsc::SyncSender&lt;std::sync::Arc&lt;Task&gt;&gt;) = move _7<br/>Deinit(_0)<br/>(_0.0: Executor) = move _4<br/>(_0.1: Spawner) = move _6<br/></td></tr><tr><td align="left">return</td></tr></table>>];
    bb0__0_81 -> bb1__0_81 [label="return"];
}
subgraph cluster_Mir_0_82 {
    graph [fontname="Courier, monospace"];
    node [fontname="Courier, monospace"];
    edge [fontname="Courier, monospace"];
    label=<fn MAX_QUEUE_SIZE() -&gt; usize<br align="left"/>>;
    bb0__0_82 [shape="none", label=<<table border="0" cellborder="1" cellspacing="0"><tr><td bgcolor="gray" align="center" colspan="1">0</td></tr><tr><td align="left" balign="left">_0 = const 10000_usize<br/></td></tr><tr><td align="left">return</td></tr></table>>];
}
subgraph cluster_Mir_0_84 {
    graph [fontname="Courier, monospace"];
    node [fontname="Courier, monospace"];
    edge [fontname="Courier, monospace"];
    label=<fn main::{closure#0}(_1: std::pin::Pin&lt;&amp;mut [static generator@src/bin/timer.rs:170:25: 174:6]&gt;, _2: std::future::ResumeTy) -&gt; std::ops::GeneratorState&lt;(), ()&gt;<br align="left"/>let _3: ();<br align="left"/>let mut _4: std::fmt::Arguments;<br align="left"/>let mut _5: &amp;[&amp;str];<br align="left"/>let mut _6: &amp;[&amp;str; 1];<br align="left"/>let _7: &amp;[&amp;str; 1];<br align="left"/>let mut _8: &amp;[std::fmt::ArgumentV1];<br align="left"/>let mut _9: &amp;[std::fmt::ArgumentV1; 0];<br align="left"/>let _10: &amp;[std::fmt::ArgumentV1; 0];<br align="left"/>let mut _11: Timer;<br align="left"/>let mut _12: Timer;<br align="left"/>let mut _13: std::time::Duration;<br align="left"/>let mut _14: std::task::Poll&lt;()&gt;;<br align="left"/>let mut _15: std::pin::Pin&lt;&amp;mut Timer&gt;;<br align="left"/>let mut _16: &amp;mut Timer;<br align="left"/>let mut _17: &amp;mut Timer;<br align="left"/>let mut _18: &amp;mut std::task::Context;<br align="left"/>let mut _19: &amp;mut std::task::Context;<br align="left"/>let mut _20: std::future::ResumeTy;<br align="left"/>let mut _21: isize;<br align="left"/>let _22: ();<br align="left"/>let mut _23: std::future::ResumeTy;<br align="left"/>let mut _24: ();<br align="left"/>let _25: ();<br align="left"/>let mut _26: std::fmt::Arguments;<br align="left"/>let mut _27: &amp;[&amp;str];<br align="left"/>let mut _28: &amp;[&amp;str; 1];<br align="left"/>let _29: &amp;[&amp;str; 1];<br align="left"/>let mut _30: &amp;[std::fmt::ArgumentV1];<br align="left"/>let mut _31: &amp;[std::fmt::ArgumentV1; 0];<br align="left"/>let _32: &amp;[std::fmt::ArgumentV1; 0];<br align="left"/>let mut _33: &amp;[std::fmt::ArgumentV1; 0];<br align="left"/>let mut _34: &amp;[&amp;str; 1];<br align="left"/>let mut _35: &amp;[std::fmt::ArgumentV1; 0];<br align="left"/>let mut _36: &amp;[&amp;str; 1];<br align="left"/>let mut _37: ();<br align="left"/>let mut _38: std::future::ResumeTy;<br align="left"/>let mut _39: u32;<br align="left"/>let mut _40: &amp;mut [static generator@src/bin/timer.rs:170:25: 174:6];<br align="left"/>let mut _41: &amp;mut [static generator@src/bin/timer.rs:170:25: 174:6];<br align="left"/>let mut _42: &amp;mut [static generator@src/bin/timer.rs:170:25: 174:6];<br align="left"/>let mut _43: &amp;mut [static generator@src/bin/timer.rs:170:25: 174:6];<br align="left"/>let mut _44: &amp;mut [static generator@src/bin/timer.rs:170:25: 174:6];<br align="left"/>let mut _45: &amp;mut [static generator@src/bin/timer.rs:170:25: 174:6];<br align="left"/>let mut _46: &amp;mut [static generator@src/bin/timer.rs:170:25: 174:6];<br align="left"/>let mut _47: &amp;mut [static generator@src/bin/timer.rs:170:25: 174:6];<br align="left"/>debug _task_context =&gt; _38;<br align="left"/>debug __awaitee =&gt; (((*(_1.0: &amp;mut [static generator@src/bin/timer.rs:170:25: 174:6])) as variant#3).0: Timer);<br align="left"/>debug result =&gt; _22;<br align="left"/>>;
    bb0__0_84 [shape="none", label=<<table border="0" cellborder="1" cellspacing="0"><tr><td bgcolor="gray" align="center" colspan="1">0</td></tr><tr><td align="left" balign="left">_40 = move (_1.0: &amp;mut [static generator@src/bin/timer.rs:170:25: 174:6])<br/>_39 = discriminant((*_40))<br/></td></tr><tr><td align="left">switchInt(move _39)</td></tr></table>>];
    bb1__0_84 [shape="none", label=<<table border="0" cellborder="1" cellspacing="0"><tr><td bgcolor="gray" align="center" colspan="1">1</td></tr><tr><td align="left" balign="left">_38 = move _2<br/>_36 = const main::{closure#0}::promoted[3]<br/>_7 = _36<br/>_6 = _7<br/>_5 = move _6 as &amp;[&amp;str] (Pointer(Unsize))<br/>_35 = const main::{closure#0}::promoted[2]<br/>_10 = _35<br/>_9 = _10<br/>_8 = move _9 as &amp;[std::fmt::ArgumentV1] (Pointer(Unsize))<br/></td></tr><tr><td align="left">_4 = Arguments::new_v1(move _5, move _8)</td></tr></table>>];
    bb2__0_84 [shape="none", label=<<table border="0" cellborder="1" cellspacing="0"><tr><td bgcolor="gray" align="center" colspan="1">2</td></tr><tr><td align="left">_3 = _print(move _4)</td></tr></table>>];
    bb3__0_84 [shape="none", label=<<table border="0" cellborder="1" cellspacing="0"><tr><td bgcolor="gray" align="center" colspan="1">3</td></tr><tr><td align="left">_13 = Duration::from_secs(const 2_u64)</td></tr></table>>];
    bb4__0_84 [shape="none", label=<<table border="0" cellborder="1" cellspacing="0"><tr><td bgcolor="gray" align="center" colspan="1">4</td></tr><tr><td align="left">_12 = Timer::new(move _13)</td></tr></table>>];
    bb5__0_84 [shape="none", label=<<table border="0" cellborder="1" cellspacing="0"><tr><td bgcolor="gray" align="center" colspan="1">5</td></tr><tr><td align="left">_11 = &lt;Timer as std::future::IntoFuture&gt;::into_future(move _12)</td></tr></table>>];
    bb6__0_84 [shape="none", label=<<table border="0" cellborder="1" cellspacing="0"><tr><td bgcolor="gray" align="center" colspan="1">6</td></tr><tr><td align="left" balign="left">_41 = move (_1.0: &amp;mut [static generator@src/bin/timer.rs:170:25: 174:6])<br/>(((*_41) as variant#3).0: Timer) = move _11<br/></td></tr><tr><td align="left">goto</td></tr></table>>];
    bb7__0_84 [shape="none", label=<<table border="0" cellborder="1" cellspacing="0"><tr><td bgcolor="gray" align="center" colspan="1">7</td></tr><tr><td align="left" balign="left">_42 = move (_1.0: &amp;mut [static generator@src/bin/timer.rs:170:25: 174:6])<br/>_17 = &amp;mut (((*_42) as variant#3).0: Timer)<br/>_16 = &amp;mut (*_17)<br/></td></tr><tr><td align="left">_15 = Pin::&lt;&amp;mut Timer&gt;::new_unchecked(move _16)</td></tr></table>>];
    bb8__0_84 [shape="none", label=<<table border="0" cellborder="1" cellspacing="0"><tr><td bgcolor="gray" align="center" colspan="1">8</td></tr><tr><td align="left" balign="left">_20 = _38<br/></td></tr><tr><td align="left">_19 = get_context(move _20)</td></tr></table>>];
    bb9__0_84 [shape="none", label=<<table border="0" cellborder="1" cellspacing="0"><tr><td bgcolor="gray" align="center" colspan="1">9</td></tr><tr><td align="left" balign="left">_18 = &amp;mut (*_19)<br/></td></tr><tr><td align="left">_14 = &lt;Timer as futures::Future&gt;::poll(move _15, move _18)</td></tr></table>>];
    bb10__0_84 [shape="none", label=<<table border="0" cellborder="1" cellspacing="0"><tr><td bgcolor="gray" align="center" colspan="1">10</td></tr><tr><td align="left" balign="left">_21 = discriminant(_14)<br/></td></tr><tr><td align="left">switchInt(move _21)</td></tr></table>>];
    bb11__0_84 [shape="none", label=<<table border="0" cellborder="1" cellspacing="0"><tr><td bgcolor="gray" align="center" colspan="1">11</td></tr><tr><td align="left" balign="left">Deinit(_24)<br/>Deinit(_0)<br/>((_0 as Yielded).0: ()) = move _24<br/>discriminant(_0) = 0<br/>_43 = move (_1.0: &amp;mut [static generator@src/bin/timer.rs:170:25: 174:6])<br/>discriminant((*_43)) = 3<br/></td></tr><tr><td align="left">return</td></tr></table>>];
    bb12__0_84 [shape="none", label=<<table border="0" cellborder="1" cellspacing="0"><tr><td bgcolor="gray" align="center" colspan="1">12</td></tr><tr><td align="left">unreachable</td></tr></table>>];
    bb13__0_84 [shape="none", label=<<table border="0" cellborder="1" cellspacing="0"><tr><td bgcolor="gray" align="center" colspan="1">13</td></tr><tr><td align="left" balign="left">_22 = ((_14 as Ready).0: ())<br/>_44 = move (_1.0: &amp;mut [static generator@src/bin/timer.rs:170:25: 174:6])<br/></td></tr><tr><td align="left">drop((((*_44) as variant#3).0: Timer))</td></tr></table>>];
    bb14__0_84 [shape="none", label=<<table border="0" cellborder="1" cellspacing="0"><tr><td bgcolor="gray" align="center" colspan="1">14</td></tr><tr><td align="left" balign="left">_34 = const main::{closure#0}::promoted[1]<br/>_29 = _34<br/>_28 = _29<br/>_27 = move _28 as &amp;[&amp;str] (Pointer(Unsize))<br/>_33 = const main::{closure#0}::promoted[0]<br/>_32 = _33<br/>_31 = _32<br/>_30 = move _31 as &amp;[std::fmt::ArgumentV1] (Pointer(Unsize))<br/></td></tr><tr><td align="left">_26 = Arguments::new_v1(move _27, move _30)</td></tr></table>>];
    bb15__0_84 [shape="none", label=<<table border="0" cellborder="1" cellspacing="0"><tr><td bgcolor="gray" align="center" colspan="1">15</td></tr><tr><td align="left">_25 = _print(move _26)</td></tr></table>>];
    bb16__0_84 [shape="none", label=<<table border="0" cellborder="1" cellspacing="0"><tr><td bgcolor="gray" align="center" colspan="1">16</td></tr><tr><td align="left" balign="left">_37 = const ()<br/>Deinit(_0)<br/>((_0 as Complete).0: ()) = move _37<br/>discriminant(_0) = 1<br/>_45 = move (_1.0: &amp;mut [static generator@src/bin/timer.rs:170:25: 174:6])<br/>discriminant((*_45)) = 1<br/></td></tr><tr><td align="left">return</td></tr></table>>];
    bb17__0_84 [shape="none", label=<<table border="0" cellborder="1" cellspacing="0"><tr><td bgcolor="lightblue" align="center" colspan="1">17 (cleanup)</td></tr><tr><td align="left" balign="left">_46 = move (_1.0: &amp;mut [static generator@src/bin/timer.rs:170:25: 174:6])<br/></td></tr><tr><td align="left">drop((((*_46) as variant#3).0: Timer))</td></tr></table>>];
    bb18__0_84 [shape="none", label=<<table border="0" cellborder="1" cellspacing="0"><tr><td bgcolor="lightblue" align="center" colspan="1">18 (cleanup)</td></tr><tr><td align="left" balign="left">_47 = move (_1.0: &amp;mut [static generator@src/bin/timer.rs:170:25: 174:6])<br/>discriminant((*_47)) = 2<br/></td></tr><tr><td align="left">resume</td></tr></table>>];
    bb19__0_84 [shape="none", label=<<table border="0" cellborder="1" cellspacing="0"><tr><td bgcolor="gray" align="center" colspan="1">19</td></tr><tr><td align="left" balign="left">_23 = move _2<br/>_38 = move _23<br/></td></tr><tr><td align="left">goto</td></tr></table>>];
    bb20__0_84 [shape="none", label=<<table border="0" cellborder="1" cellspacing="0"><tr><td bgcolor="gray" align="center" colspan="1">20</td></tr><tr><td align="left">assert(const false, &quot;`async fn` resumed after panicking&quot;)</td></tr></table>>];
    bb21__0_84 [shape="none", label=<<table border="0" cellborder="1" cellspacing="0"><tr><td bgcolor="gray" align="center" colspan="1">21</td></tr><tr><td align="left">assert(const false, &quot;`async fn` resumed after completion&quot;)</td></tr></table>>];
    bb22__0_84 [shape="none", label=<<table border="0" cellborder="1" cellspacing="0"><tr><td bgcolor="gray" align="center" colspan="1">22</td></tr><tr><td align="left">unreachable</td></tr></table>>];
    bb0__0_84 -> bb1__0_84 [label="0_u32"];
    bb0__0_84 -> bb21__0_84 [label="1_u32"];
    bb0__0_84 -> bb20__0_84 [label="2_u32"];
    bb0__0_84 -> bb19__0_84 [label="3_u32"];
    bb0__0_84 -> bb22__0_84 [label="otherwise"];
    bb1__0_84 -> bb2__0_84 [label="return"];
    bb1__0_84 -> bb18__0_84 [label="unwind"];
    bb2__0_84 -> bb3__0_84 [label="return"];
    bb2__0_84 -> bb18__0_84 [label="unwind"];
    bb3__0_84 -> bb4__0_84 [label="return"];
    bb3__0_84 -> bb18__0_84 [label="unwind"];
    bb4__0_84 -> bb5__0_84 [label="return"];
    bb4__0_84 -> bb18__0_84 [label="unwind"];
    bb5__0_84 -> bb6__0_84 [label="return"];
    bb5__0_84 -> bb18__0_84 [label="unwind"];
    bb6__0_84 -> bb7__0_84 [label=""];
    bb7__0_84 -> bb8__0_84 [label="return"];
    bb7__0_84 -> bb17__0_84 [label="unwind"];
    bb8__0_84 -> bb9__0_84 [label="return"];
    bb8__0_84 -> bb17__0_84 [label="unwind"];
    bb9__0_84 -> bb10__0_84 [label="return"];
    bb9__0_84 -> bb17__0_84 [label="unwind"];
    bb10__0_84 -> bb13__0_84 [label="0_isize"];
    bb10__0_84 -> bb11__0_84 [label="1_isize"];
    bb10__0_84 -> bb12__0_84 [label="otherwise"];
    bb13__0_84 -> bb14__0_84 [label="return"];
    bb13__0_84 -> bb18__0_84 [label="unwind"];
    bb14__0_84 -> bb15__0_84 [label="return"];
    bb14__0_84 -> bb18__0_84 [label="unwind"];
    bb15__0_84 -> bb16__0_84 [label="return"];
    bb15__0_84 -> bb18__0_84 [label="unwind"];
    bb17__0_84 -> bb18__0_84 [label="return"];
    bb19__0_84 -> bb7__0_84 [label=""];
    bb20__0_84 -> bb20__0_84 [label=""];
    bb21__0_84 -> bb21__0_84 [label=""];
}
subgraph cluster_Mir_0_83 {
    graph [fontname="Courier, monospace"];
    node [fontname="Courier, monospace"];
    edge [fontname="Courier, monospace"];
    label=<fn main() -&gt; ()<br align="left"/>let _1: Executor;<br align="left"/>let _2: Spawner;<br align="left"/>let mut _3: (Executor, Spawner);<br align="left"/>let _4: ();<br align="left"/>let mut _5: &amp;Spawner;<br align="left"/>let mut _6: impl futures::Future&lt;Output = ()&gt;;<br align="left"/>let mut _7: [static generator@src/bin/timer.rs:170:25: 174:6];<br align="left"/>let _8: ();<br align="left"/>let mut _9: Spawner;<br align="left"/>let mut _10: &amp;Executor;<br align="left"/>let mut _11: bool;<br align="left"/>debug executor =&gt; _1;<br align="left"/>debug spawner =&gt; _2;<br align="left"/>>;
    bb0__0_83 [shape="none", label=<<table border="0" cellborder="1" cellspacing="0"><tr><td bgcolor="gray" align="center" colspan="1">0</td></tr><tr><td align="left" balign="left">_11 = const false<br/></td></tr><tr><td align="left">_3 = new_executor_and_spawner()</td></tr></table>>];
    bb1__0_83 [shape="none", label=<<table border="0" cellborder="1" cellspacing="0"><tr><td bgcolor="gray" align="center" colspan="1">1</td></tr><tr><td align="left" balign="left">_1 = move (_3.0: Executor)<br/>_11 = const true<br/>_2 = move (_3.1: Spawner)<br/>_5 = &amp;_2<br/>Deinit(_7)<br/>discriminant(_7) = 0<br/></td></tr><tr><td align="left">_6 = std::future::from_generator::&lt;[static generator@src/bin/timer.rs:170:25: 174:6]&gt;(move _7)</td></tr></table>>];
    bb2__0_83 [shape="none", label=<<table border="0" cellborder="1" cellspacing="0"><tr><td bgcolor="gray" align="center" colspan="1">2</td></tr><tr><td align="left">_4 = Spawner::spawn::&lt;impl futures::Future&lt;Output = ()&gt;&gt;(move _5, move _6)</td></tr></table>>];
    bb3__0_83 [shape="none", label=<<table border="0" cellborder="1" cellspacing="0"><tr><td bgcolor="gray" align="center" colspan="1">3</td></tr><tr><td align="left" balign="left">_11 = const false<br/>_9 = move _2<br/></td></tr><tr><td align="left">_8 = std::mem::drop::&lt;Spawner&gt;(move _9)</td></tr></table>>];
    bb4__0_83 [shape="none", label=<<table border="0" cellborder="1" cellspacing="0"><tr><td bgcolor="gray" align="center" colspan="1">4</td></tr><tr><td align="left" balign="left">_10 = &amp;_1<br/></td></tr><tr><td align="left">_0 = Executor::run(move _10)</td></tr></table>>];
    bb5__0_83 [shape="none", label=<<table border="0" cellborder="1" cellspacing="0"><tr><td bgcolor="gray" align="center" colspan="1">5</td></tr><tr><td align="left" balign="left">_11 = const false<br/></td></tr><tr><td align="left">drop(_1)</td></tr></table>>];
    bb6__0_83 [shape="none", label=<<table border="0" cellborder="1" cellspacing="0"><tr><td bgcolor="gray" align="center" colspan="1">6</td></tr><tr><td align="left">return</td></tr></table>>];
    bb7__0_83 [shape="none", label=<<table border="0" cellborder="1" cellspacing="0"><tr><td bgcolor="lightblue" align="center" colspan="1">7 (cleanup)</td></tr><tr><td align="left">drop(_1)</td></tr></table>>];
    bb8__0_83 [shape="none", label=<<table border="0" cellborder="1" cellspacing="0"><tr><td bgcolor="lightblue" align="center" colspan="1">8 (cleanup)</td></tr><tr><td align="left">resume</td></tr></table>>];
    bb9__0_83 [shape="none", label=<<table border="0" cellborder="1" cellspacing="0"><tr><td bgcolor="lightblue" align="center" colspan="1">9 (cleanup)</td></tr><tr><td align="left">drop(_2)</td></tr></table>>];
    bb10__0_83 [shape="none", label=<<table border="0" cellborder="1" cellspacing="0"><tr><td bgcolor="lightblue" align="center" colspan="1">10 (cleanup)</td></tr><tr><td align="left">switchInt(_11)</td></tr></table>>];
    bb0__0_83 -> bb1__0_83 [label="return"];
    bb1__0_83 -> bb2__0_83 [label="return"];
    bb1__0_83 -> bb10__0_83 [label="unwind"];
    bb2__0_83 -> bb3__0_83 [label="return"];
    bb2__0_83 -> bb10__0_83 [label="unwind"];
    bb3__0_83 -> bb4__0_83 [label="return"];
    bb3__0_83 -> bb10__0_83 [label="unwind"];
    bb4__0_83 -> bb5__0_83 [label="return"];
    bb4__0_83 -> bb10__0_83 [label="unwind"];
    bb5__0_83 -> bb6__0_83 [label="return"];
    bb7__0_83 -> bb8__0_83 [label="return"];
    bb9__0_83 -> bb7__0_83 [label="return"];
    bb10__0_83 -> bb7__0_83 [label="false"];
    bb10__0_83 -> bb9__0_83 [label="otherwise"];
}
subgraph cluster_Mir_0_88 {
    graph [fontname="Courier, monospace"];
    node [fontname="Courier, monospace"];
    edge [fontname="Courier, monospace"];
    label=<fn &lt;Spawner as Clone&gt;::clone(_1: &amp;Spawner) -&gt; Spawner<br align="left"/>let mut _2: std::sync::mpsc::SyncSender&lt;std::sync::Arc&lt;Task&gt;&gt;;<br align="left"/>let mut _3: &amp;std::sync::mpsc::SyncSender&lt;std::sync::Arc&lt;Task&gt;&gt;;<br align="left"/>let _4: &amp;std::sync::mpsc::SyncSender&lt;std::sync::Arc&lt;Task&gt;&gt;;<br align="left"/>debug self =&gt; _1;<br align="left"/>>;
    bb0__0_88 [shape="none", label=<<table border="0" cellborder="1" cellspacing="0"><tr><td bgcolor="gray" align="center" colspan="1">0</td></tr><tr><td align="left" balign="left">_4 = &amp;((*_1).0: std::sync::mpsc::SyncSender&lt;std::sync::Arc&lt;Task&gt;&gt;)<br/>_3 = _4<br/></td></tr><tr><td align="left">_2 = &lt;SyncSender&lt;Arc&lt;Task&gt;&gt; as Clone&gt;::clone(move _3)</td></tr></table>>];
    bb1__0_88 [shape="none", label=<<table border="0" cellborder="1" cellspacing="0"><tr><td bgcolor="gray" align="center" colspan="1">1</td></tr><tr><td align="left" balign="left">Deinit(_0)<br/>(_0.0: std::sync::mpsc::SyncSender&lt;std::sync::Arc&lt;Task&gt;&gt;) = move _2<br/></td></tr><tr><td align="left">return</td></tr></table>>];
    bb0__0_88 -> bb1__0_88 [label="return"];
}
}
